  /nix/store/1a82ar87sya7dkrk3bxsnd1gya4x5hrk-libyuv-1908
  /nix/store/8vr31vp3cfhavq7v46ivcw68pn7xzcd7-lilv-0.28.0
  /nix/store/ggggdaqvaxkimbzx5p6knxr2nlqlqqnl-linux-headers-7.2
  /nix/store/d99sv05pi20zzyind2gw72r7j02g8zaq-linux-pam-1.7.2
  /nix/store/nqjqx859xir3ldpxbk9kd9srj724yl8h-lttng-ust-2.15.1
  /nix/store/acswsi8qfnrf8zxaab1cy9676h3fd0vk-lua-5.4.7
  /nix/store/x9n41wj5hmahzc3y1gmzg0lkdg77ibpr-lvm2-2.03.41-lib
  /nix/store/8327b5r0l5k48fpcqiaias8p2m7h52n5-lz4-1.10.0-lib
  /nix/store/s8lhwrxz5i6gigw2klddj0sdqxbv18ml-lzo-2.10
  /nix/store/9j086va2zn7ifgdc3h3jlqbi2c23j1x5-mailcap-2.1.54
  /nix/store/aajj151ynws8hj2ajkvhv38b2c8sjyw5-make-binary-wrapper-hook
  /nix/store/810gbfr7abr6yiajnl0zz88jvmr6ph56-mariadb-connector-c-3.3.5
  /nix/store/k7m68y7bdg0x7zhfan1zf9iw1wiyssv6-mbedtls-3.6.7
  /nix/store/mshmc92jc8xsp4knprrcljz55fjj0k7s-md4c-0.5.3-lib
  /nix/store/knm96d081dl0mhbbdbmi2gwqj2sn0jbh-mesa-libgbm-26.1.3
  /nix/store/cq65g1vyyiklplv6n2fgrjwxa6b4xfs9-mpdecimal-4.0.1
  /nix/store/qa8pjnpxm0nkpci88dbig628hc7xxf67-mpfr-4.2.2
  /nix/store/q9v6d7kfqx3ws3ssraly4c3rzl2g4iij-mpg123-1.33.7
  /nix/store/10lragk5bg1m9551wd1f11w1apvzd020-mtdev-1.1.7
  /nix/store/hzqwc6pv8sb9qrwivc4h42cr811gs1mk-ncurses-6.6
  /nix/store/jp6w9riaqyh7871qjgmdxvc73q6j8ymn-nettle-3.10.2
  /nix/store/dpacn35xr3iajmgvcprb63hnxby21gpx-nghttp2-1.70.0
  /nix/store/9ia7882m3hhvdk6qi4p3p650pfhxg75r-nghttp2-1.70.0-dev
  /nix/store/sky8mslz50n51np0z4vhdq61jba12fh2-nghttp2-1.70.0-lib
  /nix/store/r9n1wja9zhj3w4r71pggxal3c6xqak2a-nghttp3-1.17.0
  /nix/store/331mpny59y1yc603dl64j9sfpbrrrqrf-nghttp3-1.17.0-dev
  /nix/store/8vq8ivlhfqkbhs7r9mmirsdp8gh8hmrm-ngtcp2-1.23.0
  /nix/store/819j3y173s2f6r46g88jar9g4lg5817b-ngtcp2-1.23.0-dev
  /nix/store/admwq91a8y32wmfw5hkilkmlwhnsr8yp-numactl-2.0.18
  /nix/store/r7wlckm42mirgyi5qj93rg4c3z6l4kpn-ocl-icd-2.3.5
  /nix/store/v40dm4ab7zl46xgb3bfif9yih435caf9-openapv-0.2.1.3
  /nix/store/cgwkfdw9ndddif29crybgafxb4ygc4hd-openexr-3.5.0
  /nix/store/yzskq4hdbc0qr40zkylirg9fb04qkbvq-openexr-3.5.0-bin
  /nix/store/nxm3b6ykjaw79idmklw6j38ql2dyk1ks-openexr-3.5.0-dev
  /nix/store/3k1z41lmdpv8vfh0ilb91xkp9ymmg4c3-openfec-1.4.2.12
  /nix/store/wrwxc9a4xfigpfz0nrfd5q5gbqhbcm1x-openjpeg-2.5.4
  /nix/store/7as0n4r2agqn7p4vk5yndp91va773lw2-openjpeg-2.5.4-dev
  /nix/store/cxd8d2vg70c3pa31v2473hphaa1v0j44-openssl-3.5.8
  /nix/store/8yv4f7k9phr5nri7z1sb3pm4f40q5wlb-openssl-3.5.8-bin
  /nix/store/hc6mxys4iyawmwiyaixkcl9izjrqmr2q-openssl-3.5.8-dev
  /nix/store/0z5ssycivlmr82rkkv39h3snkyqmfach-opusfile-0.12
  /nix/store/95h7khkpwa5hgj9sydl2mkmv9z9kgdjx-orc-0.4.44
  /nix/store/qmhksr7a5niv5kc2yslal3lq55inny75-p11-kit-0.26.2
  /nix/store/jxvb2w9s84m7g7iy5zcf6a9nq73bxqc3-pango-1.57.1
  /nix/store/znkfkqlm6n7b3ihhxf53qxajskkqfvy3-pango-1.57.1-bin
  /nix/store/48m7kz9i7dhc0c145a8r4aixcmq7a7k4-pango-1.57.1-dev
  /nix/store/dsfqcffzgwhrnkq1v9g9s3p55czrxk8l-patch-2.8
  /nix/store/qcwnw71iksl68k7fipizi6wn0s1xms9v-patchelf-0.15.2
  /nix/store/7v8b5idfzwfl06hx6n0cvd5ikd5p0sbg-pcre2-10.48
  /nix/store/2rwjmppsbddj9qbivqhp879a3mcj8smi-pcsclite-2.4.1-lib
  /nix/store/8g4dmf7l8q1mf9w4wfmlcl8gvdgmhb8v-perl-5.42.3
  /nix/store/dsa4ky2h1m6khl1hf0g1vvl4bvx4hxg8-pipewire-1.6.9
  /nix/store/z84rpj9zlzjfn84374g8ss54w5vfiar6-pixman-0.46.4
  /nix/store/wpw9kk7qfndblw2017byjydbqq32sj01-pkg-config-0.29.2
  /nix/store/b9izmrfjp0qnnyahdwwrzdwi87s1h179-pkg-config-wrapper-0.29.2
  /nix/store/d527hwwggm2wz18p4v8cr39amcpx3g4c-polkit-127
  /nix/store/fvszbrqp5sn0180f28sp4aaw52s9izl9-potrace-1.16
  /nix/store/vc5lcyxg999ix0wvm7wdhk8dkj625kdc-publicsuffix-list-0-unstable-2026-09-02
  /nix/store/lb41b0anx1f98y9y5s9mdv97gjgsq740-python3-3.14.7
  /nix/store/9xsw0fvyg3wg5bw6x445ixq8hclkjzam-python3.14-dbus-next-0.2.3
  /nix/store/gckp2y92mdfny4cydahvgghxxm968l1n-qrencode-4.1.1
  /nix/store/6qkfgq14vwp19v69ciwdrac5yjcrj5qn-qtbase-6.11.2
  /nix/store/mbik0b6byxzy3f108d9294xms0w9jyc3-qtbase-6.11.2-only-plugins-qml
  /nix/store/4mi5rvszxy1xhy73gq1hm8y2fh7j6vam-qtdeclarative-6.11.2
  /nix/store/lbqvlnbpl4vrs5ka5mryvv3c0ksfgi0b-qtsvg-6.11.2
  /nix/store/vyfb9c1sjkn2nfdazi8anfihinxavcq5-qttranslations-6.11.2
  /nix/store/hkzc8whyfmh0idm7dskaw1g0x7h99y9f-qtwayland-6.11.2
  /nix/store/6q6kk7wr9k00c3dhgi9in4wlp0qw63gc-quickshell-0.3.1
  /nix/store/xnam05aa3vc7aqbbdixpwcdb8dpv71xn-readline-8.3p3
  /nix/store/30ygq3z8cz92179rh4lkchxzk18abn7h-roc-toolkit-0.4.0
  /nix/store/05il80znn3dp1fzl6w5aa9nz4qsa8bfi-sbc-2.2
  /nix/store/1jnz6709p77dvkqa846y43iz66q4w9v6-seatd-0.9.3
  /nix/store/zz4kdrlcpqly8l4cprzsrlyvrxlyczzc-serd-0.32.10
  /nix/store/mnz3yp9jxr1za37530hkgxx98b18r2kd-sord-0.16.22
  /nix/store/847pxhdnhvrmnpcspzvwh1nppg49fk5z-sox-14.4.2-unstable-2021-05-09-lib
  /nix/store/0cwzbysxf06p54ywbcrbc86wcnz0n186-soxr-0.1.3
  /nix/store/irfybmr0c2zn29jsrwpd74mi7fz7anhq-spandsp-0.0.6
  /nix/store/g4yzw1lc8npx2gzxlmw6lw748wpzra74-speex-1.2.1
  /nix/store/i2sil40sycha25skhbppr2jzibq3rnh3-speexdsp-1.2.1
  /nix/store/9x0m6s73sg89fv5awb95vsac2mbns8n0-sqlite-3.53.3
  /nix/store/f3xfp359z6c6zqg2mmi4052k38nj7f5c-sratom-0.6.22
  /nix/store/v8bms2zz2cy2vls6r1d44a41bdlvrmq7-srt-1.5.6
  /nix/store/rplwbx3hgs4wzc9hcs6r3cgp9r048fgl-stdenv-linux
  /nix/store/xai718x2gpf0kf73zwhhv50likh5c18l-stdenv-linux-no-cc
  /nix/store/6jlhy8l22m9bhkxdsmkrxdf6l3mr1s96-svt-av1-4.1.0
  /nix/store/a8mx5lk1i8kpbwmqs3raq3nln24jcha6-sway
  /nix/store/kqn40rn1i5z5bswrbmdqsy9jihxbjw19-sway-1.12
  /nix/store/cx9mnp0dwj7hy5gmk5ajm5mfzjy5gqhi-sway-unwrapped-1.12
  /nix/store/j1k519y7in5qjnai5897hfdzv8vj63vj-swaybg-1.2.2
  /nix/store/l5hiab3932k2n4d6nirh09mk6xgxp61w-systemd-261.3
  /nix/store/qg23qszvwv9wg125x96k1vlgby75bn2s-systemd-minimal-261.3
  /nix/store/gvhdvn542cwd3wr2978nh4ydzp89msq7-systemd-minimal-libs-261.3
  /nix/store/r1wcxf9g01ghzxs21lp49sa192l6j5v8-systemd-minimal-libs-261.3-dev
  /nix/store/78gqdyl614qmsjmmjqq35pnapf68n521-tinysparql-3.11.1
  /nix/store/krm9vmc3dz68gig0hpbrqbgfzjd74r2h-tpm2-tss-4.2.0
  /nix/store/n8fqcpnr5ni28l3i9svqa70wz46798v9-tzdata-2026d
  /nix/store/j9j2ywvz4nzkv7sb5xa80gk1b3x8rh9z-unbound-1.26.1-lib
  /nix/store/qb4xwrn8hv1nrmx1fqb5yj5ai1gcqd0i-unixodbc-2.3.14
  /nix/store/6rlr2p16ravxnx5pplcdgqyxssbx5h5c-update-autotools-gnu-config-scripts-hook
  /nix/store/328fx8r0jb6l2ai4cli7fhp8g26fbfnh-util-linux-minimal-2.42.3-lib
  /nix/store/kkf8p18x7bzclm671aq839qnp0rc3r5s-util-linux-minimal-2.42.3-login
  /nix/store/8wi2xfhr9riz57yh5ndmcmd1x0f0k11g-util-linux-minimal-2.42.3-mount
  /nix/store/n62wk9gdqqbx6pwirlxpz25cxyap5428-util-linux-minimal-2.42.3-swap
  /nix/store/181dcka5aqx9b3ivbxkbgx0bzsiflady-v4l-utils-1.32.0
  /nix/store/far2xwqcyh2yciiz823vxzxxyfn4j2q7-vid.stab-1.1.2
  /nix/store/vjdqsn0bz2llabfqa746zfgk4kmswba5-vulkan-loader-1.4.357.0
  /nix/store/c63p5gc7k8s71f0z6g0f1pa1nnghdy4g-wavpack-5.9.0
  /nix/store/li1008zymvj7sz8jkdk9brkslfq9jy8w-wayland-1.26.0
  /nix/store/98z3xi6xi66i4749013yqfvdrpv78rr8-webp-pixbuf-loader-0.2.7
  /nix/store/x83jkpagqwfadncv75cbjcrp03qjrzby-webrtc-audio-processing-2.1
  /nix/store/ngxif1dllrcg7jz2fqng5c99v7hxsrzn-wlroots-0.20.2
  /nix/store/w006smf4fdmn2h6j3mim20pjnsnbgy57-x264-0-unstable-2025-09-10-lib
  /nix/store/d9jhmdg93fvwr7miqxc2bvwk990lyi63-x265-4.2
  /nix/store/g60m3aky9f59wgy1gi0y06xwmbw19d6m-xgcc-16.2.0-libgcc
  /nix/store/s0jybl7x6vna9kajry9n5lr7cj69jm5l-xkbcomp-1.5.0
  /nix/store/dhh914f45jbb1jb7pig8qj9ahq5a779d-xkeyboard-config-2.48
  /nix/store/zhqvgsbq8ridrhr67qbxnq8rrbx6hvfj-xorgproto-2025.1
  /nix/store/p7b24wzh9irf1q0683lbsz074wzs3ggj-xvidcore-1.3.7
  /nix/store/y5c3b9j894w7axsiaxxciywcw2lsldri-xwayland-24.1.14
  /nix/store/vkwq2iap75p0srizppc3jl2j5b1lxpln-xz-5.8.4
  /nix/store/f10qh0sgpx38n3azj08dgbbnlxspv26n-xz-5.8.4-bin
  /nix/store/09qizimlcggkv4zqaw2yzdhh00vfx1k7-xz-5.8.4-dev
  /nix/store/6qzich9n5il7wazp0x20ha5ga0krcfsj-zimg-3.0.6
  /nix/store/x82yajcfjrdabh1c382m51d7ndcsmbml-zix-0.8.2
  /nix/store/wgw25d181h0qks7qsfp1bh7c5nd3f0s7-zlib-1.3.2
  /nix/store/879xd5x23lfd4l93jz71yaz06wa15yc1-zlib-1.3.2-dev
  /nix/store/igzrdkid07pdyh30cswrjb7a9yln9mpp-zlib-1.3.2-static
  /nix/store/ph4ib8mxy5yrw40k7a1l03bfd58hq6wj-zstd-1.5.7
  /nix/store/yfqdq38iw1k9n0a0w1ncsxpl2fs5gy94-zstd-1.5.7-bin
  /nix/store/ihpqfjr2ay1bwnig3yf6ggsiwc7hz5hg-zstd-1.5.7-dev
  /nix/store/1asg1n83cg2mspd1k0aasib2glgib4fc-zvbi-0.2.45
copying path '/nix/store/9yyl0xcdzdzcazayqz6pcwjxrp43s1cw-bin' from 'https://cache.nixos.org'...
copying path '/nix/store/3qg12z8zvwl3q9k8551bgs8hrwfvnnmw-builder.pl' from 'https://cache.nixos.org'...
copying path '/nix/store/pjx3bsd4p2qssg4gaph70x7qz9vzzb9p-imagemagick-7.1.2-31-doc' from 'https://cache.nixos.org'...
copying path '/nix/store/zhqvgsbq8ridrhr67qbxnq8rrbx6hvfj-xorgproto-2025.1' from 'https://cache.nixos.org'...
copying path '/nix/store/igzrdkid07pdyh30cswrjb7a9yln9mpp-zlib-1.3.2-static' from 'https://cache.nixos.org'...
copying path '/nix/store/q2yp5skwnsky7fxszdlz5kmy02ym20dy-curl-8.22.0-man' from 'https://cache.nixos.org'...
copying path '/nix/store/2ppmsk65csi9d1d05c43jhl2r2z5lrjf-dejavu-fonts-minimal-2.37' from 'https://cache.nixos.org'...
copying path '/nix/store/8xn95yp5c4lkbni4xgycj88mzvfacwz7-djvulibre-3.5.30' from 'https://cache.nixos.org'...
copying path '/nix/store/y6l3c70yl724j14n46ixw1dqd5g5qlf3-find-xml-catalogs-hook' from 'https://cache.nixos.org'...
copying path '/nix/store/q2mkz6ca1alqfqf750dygvakmq8kjrwz-gcc-16.2.0-libgcc' from 'https://cache.nixos.org'...
copying path '/nix/store/jx0n1vzcykhiyrafiskidwk099h29r12-die-hook' from 'https://cache.nixos.org'...
copying path '/nix/store/rghdmnzq9f3swhb6dfg887p3vsric2sd-gnu-config-2024-01-01' from 'https://cache.nixos.org'...
copying path '/nix/store/vc5lcyxg999ix0wvm7wdhk8dkj625kdc-publicsuffix-list-0-unstable-2026-09-02' from 'https://cache.nixos.org'...
copying path '/nix/store/vyfb9c1sjkn2nfdazi8anfihinxavcq5-qttranslations-6.11.2' from 'https://cache.nixos.org'...
copying path '/nix/store/9j086va2zn7ifgdc3h3jlqbi2c23j1x5-mailcap-2.1.54' from 'https://cache.nixos.org'...
copying path '/nix/store/n8fqcpnr5ni28l3i9svqa70wz46798v9-tzdata-2026d' from 'https://cache.nixos.org'...
copying path '/nix/store/d7p7phj31gihvsig4jyhf7yh75nas2br-dns-root-data-2025-04-14' from 'https://cache.nixos.org'...
copying path '/nix/store/g60m3aky9f59wgy1gi0y06xwmbw19d6m-xgcc-16.2.0-libgcc' from 'https://cache.nixos.org'...
copying path '/nix/store/dhh914f45jbb1jb7pig8qj9ahq5a779d-xkeyboard-config-2.48' from 'https://cache.nixos.org'...
copying path '/nix/store/z9rkc8ymlg1ddpsp5zk34chqwcghd51l-alsa-topology-conf-1.2.5.1' from 'https://cache.nixos.org'...
copying path '/nix/store/r0qrx78hday3gr8dznxnniaf98c8lzjl-gsettings-desktop-schemas-50.1' from 'https://cache.nixos.org'...
copying path '/nix/store/gqa4pa1a2vl7xwlb7235a2l771rz66bb-ffmpeg-headless-9.0.1-data' from 'https://cache.nixos.org'...
copying path '/nix/store/ggggdaqvaxkimbzx5p6knxr2nlqlqqnl-linux-headers-7.2' from 'https://cache.nixos.org'...
copying path '/nix/store/p844m35q9ilnfvlrpb1arhkxdv9ddlvk-iso-codes-4.20.1' from 'https://cache.nixos.org'...
copying path '/nix/store/jp8ql2fnd61xhvb4vsfp0bqwrzf16qrp-libunistring-1.4.2' from 'https://cache.nixos.org'...
copying path '/nix/store/6rlr2p16ravxnx5pplcdgqyxssbx5h5c-update-autotools-gnu-config-scripts-hook' from 'https://cache.nixos.org'...
copying path '/nix/store/9w0bsaii24j9vshw79sjx1qvbffgs9wy-hwdata-0.411' from 'https://cache.nixos.org'...
copying path '/nix/store/zr5yyc53cvhnd11liisdr3rwn45xnkdx-fontconfig-2.18.3' from 'https://cache.nixos.org'...
copying path '/nix/store/q0lbdx5yv93a3md74kjhm0v2kljjii89-libidn2-2.3.8' from 'https://cache.nixos.org'...
copying path '/nix/store/h4wfwic161kxrr74jlzla5lsm28hgary-glibc-2.44-25' from 'https://cache.nixos.org'...
copying path '/nix/store/p6cir20v12fjj5390b8xr9kdynm8bd9h-attr-2.6.0' from 'https://cache.nixos.org'...
copying path '/nix/store/9074l1whzhvk68kj5va99ipj412rk5q2-acl-2.4.0' from 'https://cache.nixos.org'...
copying path '/nix/store/10dxp0qxqxxsyiljrh2kp0xqhz6arhcx-bash-5.3p15' from 'https://cache.nixos.org'...
copying path '/nix/store/mpqgjnlmzy3c5hslbgyc3s7zfz3m32lg-bzip2-1.0.8' from 'https://cache.nixos.org'...
copying path '/nix/store/7fjvn38n3dnv092jbmb4m87ik5qvmj7g-brotli-1.2.0-lib' from 'https://cache.nixos.org'...
copying path '/nix/store/rpbpqgdiycgg3mhhdsqak5rkh9hhb284-cdparanoia-iii-10.2' from 'https://cache.nixos.org'...
copying path '/nix/store/zw287ip9qjbmck6kffypmcagfphjfbc5-cjson-1.7.19' from 'https://cache.nixos.org'...
copying path '/nix/store/n4pwxqcd9yj2gg7af8jvkg3fkwg9hgw8-c-ares-1.34.8' from 'https://cache.nixos.org'...
copying path '/nix/store/6wmblcz7rpj7q7aiwybpi3y6wfh2fhxx-ell-0.83' from 'https://cache.nixos.org'...
copying path '/nix/store/g3d3xr7glj75qlhndls3b38vd0f5aijc-dav1d-1.5.3' from 'https://cache.nixos.org'...
copying path '/nix/store/ij949g7pazk4byzlbcjiv6kzj3ahrbjc-duktape-2.7.0' from 'https://cache.nixos.org'...
copying path '/nix/store/52g3cz18lwhd3gv39dybdyc6n81c0bhg-ed-1.22.6' from 'https://cache.nixos.org'...
copying path '/nix/store/i4a125l0m5bv4xg1zm6rv9mnqggycwq7-expand-response-params' from 'https://cache.nixos.org'...
copying path '/nix/store/zrkqwk0989k5wa1gn3cjb76jfga3d8i3-expat-2.8.5' from 'https://cache.nixos.org'...
copying path '/nix/store/qppfiapixbahy4nfvqky1dv5b2xgkdx5-expand-response-params' from 'https://cache.nixos.org'...
copying path '/nix/store/imys8zvnr9vdbphygzk5r1n4p6vrbscl-fdk-aac-2.0.3' from 'https://cache.nixos.org'...
copying path '/nix/store/hzqwc6pv8sb9qrwivc4h42cr811gs1mk-ncurses-6.6' from 'https://cache.nixos.org'...
copying path '/nix/store/dkmjavf5yaj6hdcf2ggc6hsj1lp7lwsx-libjpeg-turbo-3.1.4.1' from 'https://cache.nixos.org'...
copying path '/nix/store/z84rpj9zlzjfn84374g8ss54w5vfiar6-pixman-0.46.4' from 'https://cache.nixos.org'...
copying path '/nix/store/0bxbw62y5cy740408migjh1ssa3dyqif-lcms2-2.19.1' from 'https://cache.nixos.org'...
copying path '/nix/store/j2sdjg38yj51gv3dz5i07gf4dq57dqna-libdeflate-1.25' from 'https://cache.nixos.org'...
copying path '/nix/store/vfj3fn7rp56w7f3xy6vz5s41nziv4jgm-libxml2-2.15.4' from 'https://cache.nixos.org'...
copying path '/nix/store/vkwq2iap75p0srizppc3jl2j5b1lxpln-xz-5.8.4' from 'https://cache.nixos.org'...
copying path '/nix/store/wgw25d181h0qks7qsfp1bh7c5nd3f0s7-zlib-1.3.2' from 'https://cache.nixos.org'...
copying path '/nix/store/j7qx4s4mr17j1wqgvqdzj33lmrnzb387-gcc-16.2.0-lib' from 'https://cache.nixos.org'...
copying path '/nix/store/1ggxndc1gd5061j5hqprhnhx9p30yilv-gnused-4.10' from 'https://cache.nixos.org'...
copying path '/nix/store/63g104xwbzfpcq0h7c99w19m6j9ly3p1-gawk-5.4.1' from 'https://cache.nixos.org'...
copying path '/nix/store/d1x966y2brfy9pwlrzwjmbnq9rpir7xb-gnutar-1.35' from 'https://cache.nixos.org'...
copying path '/nix/store/2g8d8m8r7i7bi00rm56fbk99scd7303z-expat-2.8.5-dev' from 'https://cache.nixos.org'...
copying path '/nix/store/dsfqcffzgwhrnkq1v9g9s3p55czrxk8l-patch-2.8' from 'https://cache.nixos.org'...
copying path '/nix/store/gz6baw96bf48pxs93kc7rxmnr1ra7g4m-bzip2-1.0.8-bin' from 'https://cache.nixos.org'...
copying path '/nix/store/p5frwjlmkgj2987iy9plr7nav9l72xz4-gnumake-4.4.1' from 'https://cache.nixos.org'...
copying path '/nix/store/yr6ar7lsk3yfas4d464z1ysaxwcq2gc5-gzip-1.14' from 'https://cache.nixos.org'...
copying path '/nix/store/img7s7q1qp0c122cgygl2q9gdgjzvk1d-brotli-1.2.0' from 'https://cache.nixos.org'...
copying path '/nix/store/qc7wwg64ggan8nzgrlal5dy16gyx6c1l-libpng-apng-1.6.58' from 'https://cache.nixos.org'...
copying path '/nix/store/879xd5x23lfd4l93jz71yaz06wa15yc1-zlib-1.3.2-dev' from 'https://cache.nixos.org'...
copying path '/nix/store/i22iaxmpraqg3czwcraqpb844fwbh9zy-file-5.48' from 'https://cache.nixos.org'...
copying path '/nix/store/s8lhwrxz5i6gigw2klddj0sdqxbv18ml-lzo-2.10' from 'https://cache.nixos.org'...
copying path '/nix/store/cxd8d2vg70c3pa31v2473hphaa1v0j44-openssl-3.5.8' from 'https://cache.nixos.org'...
copying path '/nix/store/lhk23vackrdgmxya733h3wp01xz622gn-libpsl-0.21.5' from 'https://cache.nixos.org'...
copying path '/nix/store/r9n1wja9zhj3w4r71pggxal3c6xqak2a-nghttp3-1.17.0' from 'https://cache.nixos.org'...
copying path '/nix/store/sky8mslz50n51np0z4vhdq61jba12fh2-nghttp2-1.70.0-lib' from 'https://cache.nixos.org'...
copying path '/nix/store/f10qh0sgpx38n3azj08dgbbnlxspv26n-xz-5.8.4-bin' from 'https://cache.nixos.org'...
copying path '/nix/store/plzb49mwsq8443vrzdmyzjsz8fgg97jy-bzip2-1.0.8-dev' from 'https://cache.nixos.org'...
copying path '/nix/store/zvkvnvlhdx44g3n36izmf819vfxlnklc-libunwind-1.8.3' from 'https://cache.nixos.org'...
copying path '/nix/store/w0xkd23405sbslbfnbhzcwwclvrsnwcf-libcap-ng-0.9.6' from 'https://cache.nixos.org'...
copying path '/nix/store/y0hvrkm9csmqlsqsw9cv8z0rzxdb6ghf-libapparmor-5.0.2' from 'https://cache.nixos.org'...
copying path '/nix/store/81xfxjiw58spk795jgcc7z1diwmy3xmi-freetype-2.14.3' from 'https://cache.nixos.org'...
copying path '/nix/store/9cs885sjc6cp8qd7q2pmq20kg1s6bck8-brotli-1.2.0-dev' from 'https://cache.nixos.org'...
copying path '/nix/store/yb5lz2i7rvlcxjz62764cvbw9fvfwkx2-libpng-apng-1.6.58-dev' from 'https://cache.nixos.org'...
copying path '/nix/store/g0fbnccaan8q0rxlw43xnbyb90i94vlc-file-5.48' from 'https://cache.nixos.org'...
copying path '/nix/store/7v8b5idfzwfl06hx6n0cvd5ikd5p0sbg-pcre2-10.48' from 'https://cache.nixos.org'...
copying path '/nix/store/srvyqaf88njyqsrs1ajz3hznvdqq8hlw-glibc-2.44-25-bin' from 'https://cache.nixos.org'...
copying path '/nix/store/331mpny59y1yc603dl64j9sfpbrrrqrf-nghttp3-1.17.0-dev' from 'https://cache.nixos.org'...
copying path '/nix/store/328fx8r0jb6l2ai4cli7fhp8g26fbfnh-util-linux-minimal-2.42.3-lib' from 'https://cache.nixos.org'...
copying path '/nix/store/09qizimlcggkv4zqaw2yzdhh00vfx1k7-xz-5.8.4-dev' from 'https://cache.nixos.org'...
copying path '/nix/store/nzn56qpiz5vm9zp7isv8q6ma7i900hqv-libpsl-0.21.5-dev' from 'https://cache.nixos.org'...
copying path '/nix/store/pi2b23y3gv6zgcziwbgnihf8gam1cmlp-libffi-3.8.0' from 'https://cache.nixos.org'...
copying path '/nix/store/fvszbrqp5sn0180f28sp4aaw52s9izl9-potrace-1.16' from 'https://cache.nixos.org'...
copying path '/nix/store/f294xy3n5bn3r9qv6a2ab7fkkmv7g5cp-audit-4.2.1-lib' from 'https://cache.nixos.org'...
copying path '/nix/store/nanaxyywhwdn4k5i37z69y4jr9pmwqd0-libice-1.1.2' from 'https://cache.nixos.org'...
copying path '/nix/store/2a4dzjm774pgqs3d9v4637b26167zj94-libpciaccess-0.19' from 'https://cache.nixos.org'...
copying path '/nix/store/4i67n71xv6s1sjpqxppg5nvyjrqwlzxk-libultrahdr-1.4.0' from 'https://cache.nixos.org'...
copying path '/nix/store/5kk0jz5vkx0j1jwcv0jizvp1i23rsdzj-djvulibre-3.5.30-lib' from 'https://cache.nixos.org'...
copying path '/nix/store/7x3w0icc4dskd77cryxh3jvqd30xz6zy-fftw-double-3.3.11' from 'https://cache.nixos.org'...
copying path '/nix/store/8j1p28cscch2hzxxxz95drxgq46s8i49-libraw-0.22.1-lib' from 'https://cache.nixos.org'...
copying path '/nix/store/g5p3gslpl160yagi4bzai5yhpcg0di5l-fontconfig-2.18.3-lib' from 'https://cache.nixos.org'...
copying path '/nix/store/mqxjifyyqbgjs66hvghd1zw26sdf5hw1-freetype-2.14.3-dev' from 'https://cache.nixos.org'...
copying path '/nix/store/li1008zymvj7sz8jkdk9brkslfq9jy8w-wayland-1.26.0' from 'https://cache.nixos.org'...
copying path '/nix/store/r9919w5sbz00s064i3hrrpgwvlasz9v9-imath-3.2.3' from 'https://cache.nixos.org'...
copying path '/nix/store/v1i2drpnmfmdhswcs8zdziyz0xxdh75j-libice-1.1.2-dev' from 'https://cache.nixos.org'...
copying path '/nix/store/sv7pxhijbx78q5ppq0h2111bb8yai0p4-libffi-3.8.0-dev' from 'https://cache.nixos.org'...
copying path '/nix/store/0yvm79dfl53xg4vi2mg01cljfpnxkcnc-libdrm-2.4.134' from 'https://cache.nixos.org'...
copying path '/nix/store/zbc3ys9xswbj274v652nf0c9xifdi9dw-jemalloc-5.3.1' from 'https://cache.nixos.org'...
copying path '/nix/store/3668q0d9zhc5n9l2pnyvpd44kz9bjsjm-gnugrep-3.12' from 'https://cache.nixos.org'...
copying path '/nix/store/qcwnw71iksl68k7fipizi6wn0s1xms9v-patchelf-0.15.2' from 'https://cache.nixos.org'...
copying path '/nix/store/chwiiz63ngbsgr2qi82c4g40vn756ky2-gmp-with-cxx-6.3.0' from 'https://cache.nixos.org'...
copying path '/nix/store/xnam05aa3vc7aqbbdixpwcdb8dpv71xn-readline-8.3p3' from 'https://cache.nixos.org'...
copying path '/nix/store/8vq8ivlhfqkbhs7r9mmirsdp8gh8hmrm-ngtcp2-1.23.0' from 'https://cache.nixos.org'...
copying path '/nix/store/ph4ib8mxy5yrw40k7a1l03bfd58hq6wj-zstd-1.5.7' from 'https://cache.nixos.org'...
copying path '/nix/store/dbp1icvskyr9swyf9chyrjfwhdv3nylc-grim-1.5.0' from 'https://cache.nixos.org'...
copying path '/nix/store/m38wglsqnh1mrmj2cmqa3pjb6w4yjxdi-glibc-2.44-25-dev' from 'https://cache.nixos.org'...
copying path '/nix/store/kcppfgrlcc6vccvy55gqipcv6gnn57pa-fontconfig-2.18.3-bin' from 'https://cache.nixos.org'...
copying path '/nix/store/xhllfvdrlb1w80gcss65x95agl3dy0vj-libultrahdr-1.4.0-dev' from 'https://cache.nixos.org'...
copying path '/nix/store/ffl0cic7f8zjkwrjvd8ikzbkbiij690a-libselinux-3.10' from 'https://cache.nixos.org'...
copying path '/nix/store/cgwkfdw9ndddif29crybgafxb4ygc4hd-openexr-3.5.0' from 'https://cache.nixos.org'...
copying path '/nix/store/gfkkr23q11kvyz6xxyxz3qbsp1msxdcv-gettext-1.0' from 'https://cache.nixos.org'...
copying path '/nix/store/lplcjshr1g7qxz2zqdc4rwks9zvcaa9a-graphite2-1.3.15' from 'https://cache.nixos.org'...
copying path '/nix/store/h3p4hk53l98v7q2iqgrhy7g8p0dy5s8d-libsm-1.2.6' from 'https://cache.nixos.org'...
copying path '/nix/store/92dzxjr3i90dbcbw5wp7dw6dv86c1n1h-fftw-double-3.3.11-dev' from 'https://cache.nixos.org'...
copying path '/nix/store/jkmr7z5mz413vnjxdqz175klvw97qdi6-lerc-4.2.0' from 'https://cache.nixos.org'...
copying path '/nix/store/819j3y173s2f6r46g88jar9g4lg5817b-ngtcp2-1.23.0-dev' from 'https://cache.nixos.org'...
copying path '/nix/store/2gfxiwls9hbgwdwcy43mprchwsq36mg6-coreutils-9.11' from 'https://cache.nixos.org'...
copying path '/nix/store/12ppiwbz8fiymrbfc967kgkyz91ssrai-libde265-1.1.2' from 'https://cache.nixos.org'...
copying path '/nix/store/skrvkixdaislvwpxzi2sfvq1ijsqk1w7-libhwy-1.4.0' from 'https://cache.nixos.org'...
copying path '/nix/store/mc7dwhpksng0rmfbdq68z6vvlm9nsd8k-fontconfig-2.18.3-dev' from 'https://cache.nixos.org'...
copying path '/nix/store/lsy9540xxnjp3nl7h47l9jfglb1v3vs0-libdwarf-2.3.3-lib' from 'https://cache.nixos.org'...
copying path '/nix/store/gqv62wzqrdmdspyrzwx4b028rvf1yshv-file-5.48-dev' from 'https://cache.nixos.org'...
copying path '/nix/store/j0gl9gw25mx3y850rpry9hpy30zwnb09-libidn2-2.3.8-bin' from 'https://cache.nixos.org'...
copying path '/nix/store/3dkchpfn8r3ipsccl1001xhcl5smfjdx-glib-2.88.3' from 'https://cache.nixos.org'...
copying path '/nix/store/5g4nawvc20vv5dqjw1y2vlg390pyhxdm-libjpeg-turbo-3.1.4.1-bin' from 'https://cache.nixos.org'...
copying path '/nix/store/1mv3qz005gkbalxfghk4y3s8ayv4d2dl-bash-interactive-5.3p15' from 'https://cache.nixos.org'...
copying path '/nix/store/5c6r7n2alqd3rn44pxm4gqnr4v5q6x14-libsm-1.2.6-dev' from 'https://cache.nixos.org'...
copying path '/nix/store/vc2pivkizfp7r2qprr1x8gfd1k3jvxl6-graphite2-1.3.15-dev' from 'https://cache.nixos.org'...
copying path '/nix/store/j5kxykql9j4qb72yqj55hw71yhpklrzj-fribidi-1.0.16' from 'https://cache.nixos.org'...
copying path '/nix/store/2fhx5hvmnmg9cxm00fd0nv3xyl4kkp8v-glibc-iconv-2.44' from 'https://cache.nixos.org'...
copying path '/nix/store/m9zz4ws150xi97y90nkvpj66f92sprhg-libhwy-1.4.0-contrib' from 'https://cache.nixos.org'...
copying path '/nix/store/gwkdcq95waljkrb62cxfpjpa4wh3yjpa-libraw-0.22.1' from 'https://cache.nixos.org'...
copying path '/nix/store/6vqggv3cdqkh098nm8brbs2mwhn6bciy-libssh2-1.11.1' from 'https://cache.nixos.org'...
copying path '/nix/store/a9s00ipfir272pdpyc7w3cjxhnx9ihil-lerc-4.2.0-dev' from 'https://cache.nixos.org'...
copying path '/nix/store/4djmw03xg7m9bsbq3mq1pfq54b2xpg7s-giflib-6.1.3' from 'https://cache.nixos.org'...
copying path '/nix/store/xjynyjk0vin5nvqw24050yfyb3czgrdm-libxau-1.0.12' from 'https://cache.nixos.org'...
copying path '/nix/store/45j41zq5p41grc2c5szg1myjkl9nva4y-libidn2-2.3.8-dev' from 'https://cache.nixos.org'...
copying path '/nix/store/qwybnlp70s17h7zvmb8kz45fz91011my-libxdmcp-1.1.5' from 'https://cache.nixos.org'...
copying path '/nix/store/jizwjwy80hby5cmqqwbxgaf2k4q7hjq2-diffutils-3.12' from 'https://cache.nixos.org'...
copying path '/nix/store/l650rzaw3wnwc49ixcm7hsl3aw4zlf6j-libjpeg-turbo-3.1.4.1-dev' from 'https://cache.nixos.org'...
copying path '/nix/store/ycrbcy9sg4knpnik6a01dk70l0m673x7-findutils-4.11.0' from 'https://cache.nixos.org'...
copying path '/nix/store/w2qcx8gc9760fzxn016036qvp4rmja1j-libxml2-2.15.4-bin' from 'https://cache.nixos.org'...
copying path '/nix/store/jy9fp83kqfw7kn208xm5i38sa8srfbkq-db-4.8.30' from 'https://cache.nixos.org'...
copying path '/nix/store/wx1y0adli2qggk81pm4marx3km1scqxg-libxcrypt-4.5.2' from 'https://cache.nixos.org'...
copying path '/nix/store/yzskq4hdbc0qr40zkylirg9fb04qkbvq-openexr-3.5.0-bin' from 'https://cache.nixos.org'...
copying path '/nix/store/8yv4f7k9phr5nri7z1sb3pm4f40q5wlb-openssl-3.5.8-bin' from 'https://cache.nixos.org'...
copying path '/nix/store/05il80znn3dp1fzl6w5aa9nz4qsa8bfi-sbc-2.2' from 'https://cache.nixos.org'...
copying path '/nix/store/4rm48xmdz5m553pwf7gkv8ccb9zcbi0b-ldacbt-2.0.72' from 'https://cache.nixos.org'...
copying path '/nix/store/ca5a9x0y311vmw1a1sj6d00z0jwaviwv-libxau-1.0.12-dev' from 'https://cache.nixos.org'...
copying path '/nix/store/hn8z4vzd5f0wawk155dvxyxmrn4dmi05-libwebp-1.6.0' from 'https://cache.nixos.org'...
copying path '/nix/store/cvr8yyrrqnjxgd7bs6lwgra4qma7kwl9-libxcb-1.17.0' from 'https://cache.nixos.org'...
copying path '/nix/store/ah26jmgs60s1dzphf0vi4f9pqmlpl9y6-libopus-1.6.1' from 'https://cache.nixos.org'...
copying path '/nix/store/8vks5kj85x3afbxw969sbbzb7af04m9m-libxml2-2.15.4-dev' from 'https://cache.nixos.org'...
copying path '/nix/store/i9ral2pmk2sg94mcc2c0zlqy54zljvlk-libebur128-1.2.6' from 'https://cache.nixos.org'...
copying path '/nix/store/8g4dmf7l8q1mf9w4wfmlcl8gvdgmhb8v-perl-5.42.3' from 'https://cache.nixos.org'...
copying path '/nix/store/jqd8wxq770szrhcfxc7fb9pjd0qaqw6p-liblc3-1.1.3' from 'https://cache.nixos.org'...
copying path '/nix/store/hc6mxys4iyawmwiyaixkcl9izjrqmr2q-openssl-3.5.8-dev' from 'https://cache.nixos.org'...
copying path '/nix/store/xai718x2gpf0kf73zwhhv50likh5c18l-stdenv-linux-no-cc' from 'https://cache.nixos.org'...
copying path '/nix/store/lbjfpws7r2x7hd6kyc2prp5zdnbzgwnj-libfreeaptx-0.2.2' from 'https://cache.nixos.org'...
copying path '/nix/store/nxm3b6ykjaw79idmklw6j38ql2dyk1ks-openexr-3.5.0-dev' from 'https://cache.nixos.org'...
copying path '/nix/store/nr1fs3y0fg1izmbj6zjcivksla0gr3nv-fftw-single-3.3.11' from 'https://cache.nixos.org'...
copying path '/nix/store/rk79xw9x3m4yhapp358w2nypjvnba764-libmysofa-1.3.5' from 'https://cache.nixos.org'...
copying path '/nix/store/vjdqsn0bz2llabfqa746zfgk4kmswba5-vulkan-loader-1.4.357.0' from 'https://cache.nixos.org'...
copying path '/nix/store/wpw9kk7qfndblw2017byjydbqq32sj01-pkg-config-0.29.2' from 'https://cache.nixos.org'...
copying path '/nix/store/z7j20jl3wdi418wbajrbximy6j472y2j-gmp-with-cxx-6.3.0' from 'https://cache.nixos.org'...
copying path '/nix/store/bs6ipp2vjmhajk9ayxb5m2pw2bwj6mpi-libtiff-4.7.2' from 'https://cache.nixos.org'...
copying path '/nix/store/01fcdms3bqj0dfm9d4fzbkhx4cwcj4f9-libhwy-1.4.0-dev' from 'https://cache.nixos.org'...
copying path '/nix/store/67v4318ajiy9ia2wz14hqj7idy5181is-gdbm-1.26-lib' from 'https://cache.nixos.org'...
copying path '/nix/store/znrm90algr0fvnnnp130am1qfg59nl1f-libx11-1.8.13' from 'https://cache.nixos.org'...
copying path '/nix/store/wv0waflchr84an8wrm5v0jhbhz3kp6gs-libxcb-1.17.0-dev' from 'https://cache.nixos.org'...
copying path '/nix/store/9x0m6s73sg89fv5awb95vsac2mbns8n0-sqlite-3.53.3' from 'https://cache.nixos.org'...
copying path '/nix/store/cq65g1vyyiklplv6n2fgrjwxa6b4xfs9-mpdecimal-4.0.1' from 'https://cache.nixos.org'...
copying path '/nix/store/0i8aj9msfwx7dzqf6vpdjxpiy7k1dwbq-libxcb-util-0.4.1' from 'https://cache.nixos.org'...
copying path '/nix/store/xnlbdnwp1gi4r1gm0gzgfg7p6ylbxv1j-libssh2-1.11.1-dev' from 'https://cache.nixos.org'...
copying path '/nix/store/10lragk5bg1m9551wd1f11w1apvzd020-mtdev-1.1.7' from 'https://cache.nixos.org'...
copying path '/nix/store/38ylkys3iv9s93xar9ihi9sm0d91cz55-double-conversion-3.4.0' from 'https://cache.nixos.org'...
copying path '/nix/store/z0ifv8wqq931phdxq7nl0r0xssprnh97-harfbuzz-13.2.1' from 'https://cache.nixos.org'...
copying path '/nix/store/2vhzbwl700sah6wd97k56pndyi5qhq2h-glib-2.88.3-bin' from 'https://cache.nixos.org'...
copying path '/nix/store/pcb8gnyh0zfyks3abpipx1gfdqzhvap5-liblqr-1-0.4.3' from 'https://cache.nixos.org'...
copying path '/nix/store/8qnjkcmkaj4cjky6a04z08bvcrxl884s-libwebp-1.6.0' from 'https://cache.nixos.org'...
copying path '/nix/store/ki6hf4l2l5i6rp2m2vhkr492r627msl8-gdk-pixbuf-2.44.8' from 'https://cache.nixos.org'...
copying path '/nix/store/wrwxc9a4xfigpfz0nrfd5q5gbqhbcm1x-openjpeg-2.5.4' from 'https://cache.nixos.org'...
copying path '/nix/store/b9izmrfjp0qnnyahdwwrzdwi87s1h179-pkg-config-wrapper-0.29.2' from 'https://cache.nixos.org'...
copying path '/nix/store/8msrjvw3gndf0fvvsihmgc08nn4ikhmk-djvulibre-3.5.30-bin' from 'https://cache.nixos.org'...
copying path '/nix/store/pl36n6kw6iglb8qmlbnbljl6vdwgfp8y-lcms2-2.19.1-bin' from 'https://cache.nixos.org'...
copying path '/nix/store/vnpv8apr10cqgc5ph09946n1f72hy9xq-libtiff-4.7.2-bin' from 'https://cache.nixos.org'...
copying path '/nix/store/17wgkvip9b7mqg9lm3v7mmxlzaxkw2sb-libxcb-image-0.4.1' from 'https://cache.nixos.org'...
copying path '/nix/store/5rrg8cqn6ki72p6lp90xd3v7xj926jcf-libb2-0.98.1' from 'https://cache.nixos.org'...
copying path '/nix/store/h0z0bi5cm93j4j89vpkvs8xysl995ci0-libxcb-wm-0.4.2' from 'https://cache.nixos.org'...
copying path '/nix/store/mshmc92jc8xsp4knprrcljz55fjj0k7s-md4c-0.5.3-lib' from 'https://cache.nixos.org'...
copying path '/nix/store/ja1if6cmxwmlhs64w6fxy965sg9n7d8k-libxcb-keysyms-0.4.1' from 'https://cache.nixos.org'...
copying path '/nix/store/rjvbq8gg4gxw2dyxvfyl8i0186va48w1-libxcb-render-util-0.3.10' from 'https://cache.nixos.org'...
copying path '/nix/store/2mcjx364ls9id3ngdjxd707j2az2aid2-libx11-1.8.13-dev' from 'https://cache.nixos.org'...
copying path '/nix/store/nvrv5w6rhc39h8snrsw03nqs679cf7rh-libxkbcommon-1.13.2' from 'https://cache.nixos.org'...
copying path '/nix/store/f6z2258liq5vbiah6jrkvy4iymdq2c5a-libxrender-0.9.12' from 'https://cache.nixos.org'...
copying path '/nix/store/firki6qp8l2y6jgpwvix2wd95bi572mi-libxext-1.3.7' from 'https://cache.nixos.org'...
copying path '/nix/store/a7pji0yn9sbxdalx9bhd9ik9yj8xvmlb-djvulibre-3.5.30-dev' from 'https://cache.nixos.org'...
copying path '/nix/store/yqshkxpq1p0rsnm4g0lm3zwhzb74cqp8-dconf-0.49.0-lib' from 'https://cache.nixos.org'...
copying path '/nix/store/zmcwdg75vlrrr65n28lb279xrm319712-icu4c-78.3' from 'https://cache.nixos.org'...
copying path '/nix/store/y9rvm2nk899f2m06pw55fp4k9kqdwyif-libdaemon-0.14' from 'https://cache.nixos.org'...
copying path '/nix/store/l5y7fz08zvrqiinb90j1r922ymncb0sj-libxfixes-6.0.2' from 'https://cache.nixos.org'...
copying path '/nix/store/1m8aidmqx3q6dx38a6m1fym4ksnn5ncd-libxt-1.3.1' from 'https://cache.nixos.org'...
copying path '/nix/store/1gz4arjikrgvbhkd59zx565wf1qp8fhg-libevent-2.1.13' from 'https://cache.nixos.org'...
copying path '/nix/store/7wszjs7s6cfvcby6p2qvbgipbjgmqbbp-harfbuzz-13.2.1-dev' from 'https://cache.nixos.org'...
copying path '/nix/store/8kzll30rkdix8mcxd34853341hl4125q-libraqm-0.11.0' from 'https://cache.nixos.org'...
copying path '/nix/store/lb41b0anx1f98y9y5s9mdv97gjgsq740-python3-3.14.7' from 'https://cache.nixos.org'...
copying path '/nix/store/9bc9m0gwxmrwdrshrmj1p05z63x7qwrl-lcms2-2.19.1-dev' from 'https://cache.nixos.org'...
copying path '/nix/store/7as0n4r2agqn7p4vk5yndp91va773lw2-openjpeg-2.5.4-dev' from 'https://cache.nixos.org'...
copying path '/nix/store/17qg3hn8ap27778rmi9hdq5nbfmm614s-libjxl-0.12.0' from 'https://cache.nixos.org'...
copying path '/nix/store/jrh7qrz5570y72zlhcmb29i3p351351d-libxrender-0.9.12-dev' from 'https://cache.nixos.org'...
copying path '/nix/store/fl7xj4bahw025r9nw6d9vgb4043665mj-libxext-1.3.7-dev' from 'https://cache.nixos.org'...
copying path '/nix/store/hlk27kiwy9zqwlk4pghb8gshs8s6akdy-cairo-1.18.4' from 'https://cache.nixos.org'...
copying path '/nix/store/9yrxszw0fbyx68dbr4nbcnb408vqxgya-libnotify-0.8.8' from 'https://cache.nixos.org'...
copying path '/nix/store/mj9klbkhzal0vc1aazsajrydkimhc0h2-libglvnd-1.7.0' from 'https://cache.nixos.org'...
copying path '/nix/store/6k9mf97fcy9icj84s8pwy041yqw25wql-libxft-2.3.9' from 'https://cache.nixos.org'...
copying path '/nix/store/9n9n1hcm6bbksyya7dyxpxm8kda1xqsh-libxcb-cursor-0.1.6' from 'https://cache.nixos.org'...
copying path '/nix/store/bl00lgl2ipyaz5axwvs39ns2xil3r963-libraw-0.22.1-dev' from 'https://cache.nixos.org'...
copying path '/nix/store/sp7qi6d789jbkbn0mpzna06gbxlm5gzi-libxi-1.8.3' from 'https://cache.nixos.org'...
copying path '/nix/store/g8vsfx3fiq7g8m77kddlx7cfpljh151n-libxt-1.3.1-dev' from 'https://cache.nixos.org'...
copying path '/nix/store/0kpvzplw5x31iqyn2548fnq2nlnx7h8q-libconfig-1.8.2' from 'https://cache.nixos.org'...
copying path '/nix/store/7a0472vfn9z4d7llkb0nw06jji98yn7d-libevdev-1.13.6' from 'https://cache.nixos.org'...
copying path '/nix/store/n1i9ph766v9kbjs961j2aiw4qaagc1wj-json-c-0.18' from 'https://cache.nixos.org'...
copying path '/nix/store/yfqdq38iw1k9n0a0w1ncsxpl2fs5gy94-zstd-1.5.7-bin' from 'https://cache.nixos.org'...
copying path '/nix/store/3f13gd1wqjrvk5n56nz9h64w07vg278q-libsigc++-2.12.1' from 'https://cache.nixos.org'...
copying path '/nix/store/8ppwxgxhffc9srprc528nwlvjcdhskvq-libraw1394-2.1.2' from 'https://cache.nixos.org'...
copying path '/nix/store/bxmrq5l557c0c8zsgjcm6ry938ybdsi4-libxft-2.3.9-dev' from 'https://cache.nixos.org'...
copying path '/nix/store/qljkaaa4v37lyc43c91pvz5fsgf8j2wg-libxtst-1.2.5' from 'https://cache.nixos.org'...
copying path '/nix/store/0cwzbysxf06p54ywbcrbc86wcnz0n186-soxr-0.1.3' from 'https://cache.nixos.org'...
copying path '/nix/store/1asg1n83cg2mspd1k0aasib2glgib4fc-zvbi-0.2.45' from 'https://cache.nixos.org'...
copying path '/nix/store/1s4nrcpm4vyv50ag0i2jfxazgb332s7g-libbluray-1.4.1' from 'https://cache.nixos.org'...
copying path '/nix/store/4p7ra96aacv9jhpbbw63slhg0w5v6l92-libssh-0.12.2' from 'https://cache.nixos.org'...
copying path '/nix/store/6jlhy8l22m9bhkxdsmkrxdf6l3mr1s96-svt-av1-4.1.0' from 'https://cache.nixos.org'...
copying path '/nix/store/6qzich9n5il7wazp0x20ha5ga0krcfsj-zimg-3.0.6' from 'https://cache.nixos.org'...
copying path '/nix/store/c4dshfyy2vnzz967m07fsqgqxff4idd0-libva-minimal-2.24.1' from 'https://cache.nixos.org'...
copying path '/nix/store/ihpqfjr2ay1bwnig3yf6ggsiwc7hz5hg-zstd-1.5.7-dev' from 'https://cache.nixos.org'...
copying path '/nix/store/far2xwqcyh2yciiz823vxzxxyfn4j2q7-vid.stab-1.1.2' from 'https://cache.nixos.org'...
copying path '/nix/store/g4yzw1lc8npx2gzxlmw6lw748wpzra74-speex-1.2.1' from 'https://cache.nixos.org'...
copying path '/nix/store/p7b24wzh9irf1q0683lbsz074wzs3ggj-xvidcore-1.3.7' from 'https://cache.nixos.org'...
copying path '/nix/store/q0slfdl3l9w4snjkz1p1g7da627nfqvs-libass-0.17.4' from 'https://cache.nixos.org'...
copying path '/nix/store/0k2p6nrgj5v0538zlvkyh41n15g3d7pf-libiec61883-1.2.0' from 'https://cache.nixos.org'...
copying path '/nix/store/3chja2vfj09qdchm54br4rr8i1n5srh1-libavc1394-0.5.4' from 'https://cache.nixos.org'...
copying path '/nix/store/r7wlckm42mirgyi5qj93rg4c3z6l4kpn-ocl-icd-2.3.5' from 'https://cache.nixos.org'...
copying path '/nix/store/v40dm4ab7zl46xgb3bfif9yih435caf9-openapv-0.2.1.3' from 'https://cache.nixos.org'...
copying path '/nix/store/v8bms2zz2cy2vls6r1d44a41bdlvrmq7-srt-1.5.6' from 'https://cache.nixos.org'...
copying path '/nix/store/w006smf4fdmn2h6j3mim20pjnsnbgy57-x264-0-unstable-2025-09-10-lib' from 'https://cache.nixos.org'...
copying path '/nix/store/x93id6d40sfd5xvdmfsg8xgw067vi3bf-libvpx-1.17.0' from 'https://cache.nixos.org'...
copying path '/nix/store/2833kks5xyn4nws51ba6chwp6zd1s8jm-libtiff-4.7.2-dev' from 'https://cache.nixos.org'...
copying path '/nix/store/1bxa8k4g32c89qwwwncnqcq10p8qhpyk-cpptrace-1.0.4' from 'https://cache.nixos.org'...
copying path '/nix/store/85lj8x78s9z5v8z8b5ik5phdcwri22ac-gmp-6.3.0' from 'https://cache.nixos.org'...
copying path '/nix/store/6258qrsicd2vjcqfwq1pc5zn2hdpf73l-graphene-1.10.8' from 'https://cache.nixos.org'...
copying path '/nix/store/95h7khkpwa5hgj9sydl2mkmv9z9kgdjx-orc-0.4.44' from 'https://cache.nixos.org'...
copying path '/nix/store/jdr4vga6jaj6aak5xvaamva8yhwnlw06-libogg-1.3.6' from 'https://cache.nixos.org'...
copying path '/nix/store/nnnms37r3b118p6a9jhvx977wxdaypjz-libxv-1.0.13' from 'https://cache.nixos.org'...
copying path '/nix/store/g958qvvzz9lcp6bljx42pl96gng9abb7-libcap-2.78-lib' from 'https://cache.nixos.org'...
copying path '/nix/store/a3rbzlj5wzxwjpncc0q9p6l64sc52m3y-libxcomposite-0.4.7' from 'https://cache.nixos.org'...
copying path '/nix/store/kg5wp6wavf5p7v6shcccyqxy2nlzsn5s-libxdamage-1.1.7' from 'https://cache.nixos.org'...
copying path '/nix/store/qizk6xj7j9cf7jxry2fn58a48j7zbwrm-libxinerama-1.1.6' from 'https://cache.nixos.org'...
copying path '/nix/store/s9gjirv64nxqw7s86k5fk1g43ljmfz2h-libepoxy-1.5.10' from 'https://cache.nixos.org'...
copying path '/nix/store/w8szff2i3dyf21v08j9yvpznfr7518wi-libxrandr-1.5.5' from 'https://cache.nixos.org'...
copying path '/nix/store/whxlfzj7z07i69qypz8dbi2d7ziv0xy1-libxcursor-1.2.3' from 'https://cache.nixos.org'...
copying path '/nix/store/32cf1rhlcgg98cfsm3ls6y6d387i4g16-libedit-20260508-3.1' from 'https://cache.nixos.org'...
copying path '/nix/store/gqd8w84mhr0h24fnc2p4m3hkicsnxsfm-keyutils-1.6.3-lib' from 'https://cache.nixos.org'...
copying path '/nix/store/qq2dwcw52l55nrm70b885144j8d2pfsb-libvmaf-3.0.0' from 'https://cache.nixos.org'...
copying path '/nix/store/4cr8k5yydn0jshlxswvvql9qcmnmp1lf-libyaml-0.2.5' from 'https://cache.nixos.org'...
copying path '/nix/store/afhh51h1qz7f7jqhs4qs3ggxjipvn0i3-isl-0.20' from 'https://cache.nixos.org'...
copying path '/nix/store/qg6h94nnixji9qnm5znp0aa2isfdyl2b-libdrm-2.4.134-bin' from 'https://cache.nixos.org'...
copying path '/nix/store/ga9yiz9h4qyna2jj7dsix5cr4n0yrrig-libtool-2.6.2-lib' from 'https://cache.nixos.org'...
copying path '/nix/store/qa8pjnpxm0nkpci88dbig628hc7xxf67-mpfr-4.2.2' from 'https://cache.nixos.org'...
copying path '/nix/store/1a82ar87sya7dkrk3bxsnd1gya4x5hrk-libyuv-1908' from 'https://cache.nixos.org'...
copying path '/nix/store/cb6lsgww14cl2390y8vhy650z1jaclqy-libvorbis-1.3.7' from 'https://cache.nixos.org'...
copying path '/nix/store/wv8x0w7apcviazfa4fk0v22afh9q0xid-libtheora-1.2.0' from 'https://cache.nixos.org'...
copying path '/nix/store/acswsi8qfnrf8zxaab1cy9676h3fd0vk-lua-5.4.7' from 'https://cache.nixos.org'...
copying path '/nix/store/9q3nrhbk8a60rv9i351dsj1pmw939xv3-libsamplerate-0.2.2' from 'https://cache.nixos.org'...
copying path '/nix/store/5slmgaqfj3g7garqjsmimpf1rhl4rmqg-gperftools-2.18.1' from 'https://cache.nixos.org'...
copying path '/nix/store/i2sil40sycha25skhbppr2jzibq3rnh3-speexdsp-1.2.1' from 'https://cache.nixos.org'...
copying path '/nix/store/vx4m1ccbj3a7cdmxmnc3w897h9f8vrgw-libical-3.0.20' from 'https://cache.nixos.org'...
copying path '/nix/store/80z9njiswl9xm6qk93zsjr5bj8v0z2lm-krb5-1.22.2-lib' from 'https://cache.nixos.org'...
copying path '/nix/store/3lgd2133qg3pxlpkb5gqgyq7z9riz8p9-flac-1.5.0' from 'https://cache.nixos.org'...
copying path '/nix/store/kqbkkahlh2vfnhyx8sm5n99svg48hsk0-libmpg123-1.33.7' from 'https://cache.nixos.org'...
copying path '/nix/store/qb4xwrn8hv1nrmx1fqb5yj5ai1gcqd0i-unixodbc-2.3.14' from 'https://cache.nixos.org'...
copying path '/nix/store/i78gq1wwiirwckasx47s17jkr4b5l7qn-libdrm-2.4.134-dev' from 'https://cache.nixos.org'...
copying path '/nix/store/s4mrmq9aciz9r5kb37jzfc7cvgk3lnxb-libmpc-1.4.1' from 'https://cache.nixos.org'...
copying path '/nix/store/f81djisp1higraa3q1i0rcv4fma9aqnr-libdatrie-2019-12-20-lib' from 'https://cache.nixos.org'...
copying path '/nix/store/x82yajcfjrdabh1c382m51d7ndcsmbml-zix-0.8.2' from 'https://cache.nixos.org'...
copying path '/nix/store/16m4lpqhcpgdl7gdaq1ss24sly6r0j7p-libaom-3.15.0' from 'https://cache.nixos.org'...
copying path '/nix/store/zz4kdrlcpqly8l4cprzsrlyvrxlyczzc-serd-0.32.10' from 'https://cache.nixos.org'...
copying path '/nix/store/w5sz8y5yhcpa1ckcm54lqdds7cjvqr6m-libev-4.33' from 'https://cache.nixos.org'...
copying path '/nix/store/3k1z41lmdpv8vfh0ilb91xkp9ymmg4c3-openfec-1.4.2.12' from 'https://cache.nixos.org'...
copying path '/nix/store/5i9x1yxqa9nk7jl7yflaavnlxvb09wrq-libuv-1.52.1' from 'https://cache.nixos.org'...
copying path '/nix/store/0a9k0r3wf695ibidnygdx6kkx8zhdhhg-kmod-31-lib' from 'https://cache.nixos.org'...
copying path '/nix/store/6sff0zi6fiwghgnvlpq61rwb8zqwacsm-kbd-2.9.0' from 'https://cache.nixos.org'...
copying path '/nix/store/84plc6304paw47v6s6vnn497vxakngqi-lame-4.0-lib' from 'https://cache.nixos.org'...
copying path '/nix/store/8327b5r0l5k48fpcqiaias8p2m7h52n5-lz4-1.10.0-lib' from 'https://cache.nixos.org'...
copying path '/nix/store/14l36b0z69hgd8b6migz9w5m49gjak6d-libthai-0.1.30' from 'https://cache.nixos.org'...
copying path '/nix/store/5q6bdxkp7lc70gn9mnf4yiybrx8ry5xq-gcc-16.2.0' from 'https://cache.nixos.org'...
copying path '/nix/store/8wi2xfhr9riz57yh5ndmcmd1x0f0k11g-util-linux-minimal-2.42.3-mount' from 'https://cache.nixos.org'...
copying path '/nix/store/mnz3yp9jxr1za37530hkgxx98b18r2kd-sord-0.16.22' from 'https://cache.nixos.org'...
copying path '/nix/store/knm96d081dl0mhbbdbmi2gwqj2sn0jbh-mesa-libgbm-26.1.3' from 'https://cache.nixos.org'...
copying path '/nix/store/gckp2y92mdfny4cydahvgghxxm968l1n-qrencode-4.1.1' from 'https://cache.nixos.org'...
copying path '/nix/store/hywrjin2xwr77qa6h0zf0pac1l4dygn7-libjxl-0.12.0-bin' from 'https://cache.nixos.org'...
copying path '/nix/store/k81akx4837d7ghz4mfkr7kwzinw4qhp6-libseccomp-2.6.1-lib' from 'https://cache.nixos.org'...
copying path '/nix/store/36alc2mwna4nzf6djdj2hvh4w4r3cai5-curl-8.22.0' from 'https://cache.nixos.org'...
copying path '/nix/store/kwl4jcgx7q2n4b2h6dc6m2gwqz7cg1lk-krb5-1.22.2' from 'https://cache.nixos.org'...
copying path '/nix/store/dpacn35xr3iajmgvcprb63hnxby21gpx-nghttp2-1.70.0' from 'https://cache.nixos.org'...
copying path '/nix/store/kkf8p18x7bzclm671aq839qnp0rc3r5s-util-linux-minimal-2.42.3-login' from 'https://cache.nixos.org'...
copying path '/nix/store/n62wk9gdqqbx6pwirlxpz25cxyap5428-util-linux-minimal-2.42.3-swap' from 'https://cache.nixos.org'...
copying path '/nix/store/kv27f6dgpprwdm1038l2pwrcgpbfg7h6-libsndfile-1.2.2' from 'https://cache.nixos.org'...
copying path '/nix/store/jxvb2w9s84m7g7iy5zcf6a9nq73bxqc3-pango-1.57.1' from 'https://cache.nixos.org'...
copying path '/nix/store/f3xfp359z6c6zqg2mmi4052k38nj7f5c-sratom-0.6.22' from 'https://cache.nixos.org'...
copying path '/nix/store/vd8b7jqgpcjy092rvbjnarwzbhlfylr6-kmod-31' from 'https://cache.nixos.org'...
copying path '/nix/store/x5hyc0wsiq560p7ipaf2vbicjy5w2i2r-kexec-tools-2.0.32' from 'https://cache.nixos.org'...
copying path '/nix/store/xjn862icpw4y48i3mnyl2bgxx30fsjbp-libarchive-3.8.9-lib' from 'https://cache.nixos.org'...
copying path '/nix/store/ab9nqb5hwpkc3qj4nihbkry55z42m282-libliftoff-0.5.0' from 'https://cache.nixos.org'...
copying path '/nix/store/hg9c6gc22vahpamh4z4npvak8wnl9mlk-libxcb-errors-1.0.1' from 'https://cache.nixos.org'...
copying path '/nix/store/2fbk7564s8pq8py9cvh52b2d8n0yqkgr-libjxl-0.12.0-dev' from 'https://cache.nixos.org'...
copying path '/nix/store/c0ilq1av6cmmf1dj9m3j8rzl6yqf53rl-krb5-1.22.2-dev' from 'https://cache.nixos.org'...
copying path '/nix/store/5g20bqhw379iw2vp2jxwzzsf5n1gmh4h-curl-8.22.0-bin' from 'https://cache.nixos.org'...
copying path '/nix/store/s7306mp3pdbw8xx2gicsqvyganjhsywp-elfutils-0.195' from 'https://cache.nixos.org'...
copying path '/nix/store/9ia7882m3hhvdk6qi4p3p650pfhxg75r-nghttp2-1.70.0-dev' from 'https://cache.nixos.org'...
copying path '/nix/store/gvhdvn542cwd3wr2978nh4ydzp89msq7-systemd-minimal-libs-261.3' from 'https://cache.nixos.org'...
copying path '/nix/store/4dfyrqnjpk0prxpj4n8cwzga7gqv32mi-libproxy-0.5.12' from 'https://cache.nixos.org'...
copying path '/nix/store/irfybmr0c2zn29jsrwpd74mi7fz7anhq-spandsp-0.0.6' from 'https://cache.nixos.org'...
copying path '/nix/store/8vr31vp3cfhavq7v46ivcw68pn7xzcd7-lilv-0.28.0' from 'https://cache.nixos.org'...
copying path '/nix/store/ii7wr6b6b8c5fq1ci26rw7amkb4apwm8-librsvg-2.62.3' from 'https://cache.nixos.org'...
copying path '/nix/store/znkfkqlm6n7b3ihhxf53qxajskkqfvy3-pango-1.57.1-bin' from 'https://cache.nixos.org'...
copying path '/nix/store/810gbfr7abr6yiajnl0zz88jvmr6ph56-mariadb-connector-c-3.3.5' from 'https://cache.nixos.org'...
copying path '/nix/store/fhn8fdcxx3z6k384prsygipppln0wqva-libpq-18.6' from 'https://cache.nixos.org'...
copying path '/nix/store/qg23qszvwv9wg125x96k1vlgby75bn2s-systemd-minimal-261.3' from 'https://cache.nixos.org'...
copying path '/nix/store/w58917dqbdfl7g7fdwgmlw9wbqyc5ldq-alsa-ucm-conf-1.2.16.1' from 'https://cache.nixos.org'...
copying path '/nix/store/mc33sic07k7an0knwd73sq5xygg2rigg-libdisplay-info-0.4.0' from 'https://cache.nixos.org'...
copying path '/nix/store/admwq91a8y32wmfw5hkilkmlwhnsr8yp-numactl-2.0.18' from 'https://cache.nixos.org'...
copying path '/nix/store/yjqhjaw5w50jb1yls4y36gxgrgv3w53v-gtest-1.18.0' from 'https://cache.nixos.org'...
copying path '/nix/store/aph5dkajglxjn9642bp0h3x7cwzijr52-curl-8.22.0-dev' from 'https://cache.nixos.org'...
copying path '/nix/store/8wb7zk48s2iq3kix06vflp4dl5rpfsfs-binutils-2.46-lib' from 'https://cache.nixos.org'...
copying path '/nix/store/grxh7wk75nq0li11d35h7fijb9pq10zj-libbpf-1.7.0' from 'https://cache.nixos.org'...
copying path '/nix/store/98z3xi6xi66i4749013yqfvdrpv78rr8-webp-pixbuf-loader-0.2.7' from 'https://cache.nixos.org'...
copying path '/nix/store/7f7ymii5zcx1jv670cdlvbxj8h3wx0ay-gnum4-1.4.21' from 'https://cache.nixos.org'...
copying path '/nix/store/abk7a5mlrqgdmgg91a0mmxq2hv1v9jid-libtasn1-4.21.0' from 'https://cache.nixos.org'...
copying path '/nix/store/jp6w9riaqyh7871qjgmdxvc73q6j8ymn-nettle-3.10.2' from 'https://cache.nixos.org'...
copying path '/nix/store/d99sv05pi20zzyind2gw72r7j02g8zaq-linux-pam-1.7.2' from 'https://cache.nixos.org'...
copying path '/nix/store/hnkayv28ql48gyvil8d663lknsgsyw12-libusb-1.0.30' from 'https://cache.nixos.org'...
copying path '/nix/store/181dcka5aqx9b3ivbxkbgx0bzsiflady-v4l-utils-1.32.0' from 'https://cache.nixos.org'...
copying path '/nix/store/d9jhmdg93fvwr7miqxc2bvwk990lyi63-x265-4.2' from 'https://cache.nixos.org'...
copying path '/nix/store/nqjqx859xir3ldpxbk9kd9srj724yl8h-lttng-ust-2.15.1' from 'https://cache.nixos.org'...
copying path '/nix/store/fh4axwd3whfgcbpw8pqibjv8v4p341pl-abseil-cpp-20260817.0' from 'https://cache.nixos.org'...
copying path '/nix/store/xlqm12gx3s3f7dc1a5pnfk4p2niw2lri-alsa-lib-1.2.16.1' from 'https://cache.nixos.org'...
copying path '/nix/store/1jnz6709p77dvkqa846y43iz66q4w9v6-seatd-0.9.3' from 'https://cache.nixos.org'...
copying path '/nix/store/y5sgl0vvrpbcwgjwpjs60r1hg0gi7i0n-binutils-2.46' from 'https://cache.nixos.org'...
copying path '/nix/store/n39bmv9b8lw6sz2hgwfmqkh3lp8ygn9f-gdk-pixbuf-loaders.cache' from 'https://cache.nixos.org'...
copying path '/nix/store/x9n41wj5hmahzc3y1gmzg0lkdg77ibpr-lvm2-2.03.41-lib' from 'https://cache.nixos.org'...
copying path '/nix/store/qmhksr7a5niv5kc2yslal3lq55inny75-p11-kit-0.26.2' from 'https://cache.nixos.org'...
copying path '/nix/store/bnjif749hwsxqd2kkxxchgj3dir767nr-glibmm-2.66.8' from 'https://cache.nixos.org'...
copying path '/nix/store/j9j2ywvz4nzkv7sb5xa80gk1b3x8rh9z-unbound-1.26.1-lib' from 'https://cache.nixos.org'...
copying path '/nix/store/2rwjmppsbddj9qbivqhp879a3mcj8smi-pcsclite-2.4.1-lib' from 'https://cache.nixos.org'...
copying path '/nix/store/d527hwwggm2wz18p4v8cr39amcpx3g4c-polkit-127' from 'https://cache.nixos.org'...
copying path '/nix/store/y5751icfyxy1nzr7p1iiv4idwx0s7mjx-libcbor-0.14.0' from 'https://cache.nixos.org'...
copying path '/nix/store/d34lp4b2b0glnmwf7ij3ha8mrmb30l64-dbus-1.16.2-lib' from 'https://cache.nixos.org'...
copying path '/nix/store/9ymz748lxp33ix2vixryczq7c5zrp8vp-libgpg-error-1.61' from 'https://cache.nixos.org'...
copying path '/nix/store/r1wcxf9g01ghzxs21lp49sa192l6j5v8-systemd-minimal-libs-261.3-dev' from 'https://cache.nixos.org'...
copying path '/nix/store/x83jkpagqwfadncv75cbjcrp03qjrzby-webrtc-audio-processing-2.1' from 'https://cache.nixos.org'...
copying path '/nix/store/j1k519y7in5qjnai5897hfdzv8vj63vj-swaybg-1.2.2' from 'https://cache.nixos.org'...
copying path '/nix/store/qvcr74c66s11lv718zmxzz20ar3ckzd5-cryptsetup-2.8.8' from 'https://cache.nixos.org'...
copying path '/nix/store/bcyd9986cxipzp7z4lman7d7p8x5wm3x-cracklib-2.10.3' from 'https://cache.nixos.org'...
copying path '/nix/store/y82x3gr23pwhaiqafazpykr81jv8siyw-libxml++-3.2.5' from 'https://cache.nixos.org'...
copying path '/nix/store/k7m68y7bdg0x7zhfan1zf9iw1wiyssv6-mbedtls-3.6.7' from 'https://cache.nixos.org'...
copying path '/nix/store/7b1npb926ga8pdwsi5n5cbyi1xyhb7dc-libgudev-238' from 'https://cache.nixos.org'...
copying path '/nix/store/4kc4z26a0lpvbp71f4m3fqvw48wr8kwm-gnutls-3.8.13' from 'https://cache.nixos.org'...
copying path '/nix/store/0z5ssycivlmr82rkkv39h3snkyqmfach-opusfile-0.12' from 'https://cache.nixos.org'...
copying path '/nix/store/7svipfslpzd55jd6rz42k6daaqmdi47b-libfido2-1.17.0' from 'https://cache.nixos.org'...
copying path '/nix/store/krdjganpq6d3pr8pf0kavbprr1lh7lhx-libheif-1.23.5-lib' from 'https://cache.nixos.org'...
copying path '/nix/store/8snmq54bp5d5vp5dihgn7xr53hayx629-dbus-1.16.2' from 'https://cache.nixos.org'...
copying path '/nix/store/7vlv3kqi1i1q7h3w8x9vfqnswgwx2586-libjack2-1.9.22' from 'https://cache.nixos.org'...
copying path '/nix/store/8l7syi03wm19x41yvarswrqzz7jq404r-bluez-5.87' from 'https://cache.nixos.org'...
copying path '/nix/store/f2938sk0n2acayxhb2s9hlvs569a4bzf-avahi-0.8' from 'https://cache.nixos.org'...
copying path '/nix/store/rssqiz9l5knlan7fy5knf43zsrdwmg5g-libpulseaudio-17.0' from 'https://cache.nixos.org'...
copying path '/nix/store/4g39rajyrxqn3na1kd4pykdigsr82af5-at-spi2-core-2.60.6' from 'https://cache.nixos.org'...
copying path '/nix/store/h53iyxmgp59cgr7vh0yr3pkzhb1z2fqg-libgcrypt-1.12.4-lib' from 'https://cache.nixos.org'...
copying path '/nix/store/5mvrv9c964fwvwp8wlrgnq895wmjsqgd-ffado-2.4.9' from 'https://cache.nixos.org'...
copying path '/nix/store/nd7p11rm3m868l89km38ncfr9i4bwlpc-libwacom-2.20.0' from 'https://cache.nixos.org'...
copying path '/nix/store/pwb7izgsl4wbdg0hnv8l5r45yq0l9781-libpwquality-1.4.5-lib' from 'https://cache.nixos.org'...
copying path '/nix/store/c63p5gc7k8s71f0z6g0f1pa1nnghdy4g-wavpack-5.9.0' from 'https://cache.nixos.org'...
copying path '/nix/store/cv0s6xg40h52gcwapidpc5q9dy44w2c2-dbus-1.16.2-dev' from 'https://cache.nixos.org'...
copying path '/nix/store/q230vs5rqpyk1lya3j125ahw35xp0vra-libmicrohttpd-1.0.10' from 'https://cache.nixos.org'...
copying path '/nix/store/jmpgzzn40w1am12mpvdsnp8gpaw95hml-libmad-0.15.1b' from 'https://cache.nixos.org'...
copying path '/nix/store/s13s3r3pi67vj27s6ca7pbrxs2z4zjf6-imagemagick-7.1.2-31' from 'https://cache.nixos.org'...
copying path '/nix/store/fy8mxgdjvjvmagv2igmj428a9j17hpcf-binutils-wrapper-2.46' from 'https://cache.nixos.org'...
copying path '/nix/store/88nc83m1zlyl1y46i4d7m4s83d52xm80-libheif-1.23.5-bin' from 'https://cache.nixos.org'...
copying path '/nix/store/nkx77vqznw5sb8ybi698zcd73zwxmr4l-cups-2.4.19-lib' from 'https://cache.nixos.org'...
copying path '/nix/store/kdfgaw7kpfipsf6mahcjx4hz84qb0xxh-librist-0.2.11' from 'https://cache.nixos.org'...
copying path '/nix/store/5bsh9kxidwb078vr5iffzr5df1v6c18l-libsoup-3.6.6' from 'https://cache.nixos.org'...
copying path '/nix/store/sgcqy1rm7rkl076mq1x7c76ab233ggxz-gobject-introspection-1.86.0' from 'https://cache.nixos.org'...
copying path '/nix/store/lsq3ar5wj6kh1s9l5b6a7hkyyjl3w9xr-json-glib-1.10.8' from 'https://cache.nixos.org'...
copying path '/nix/store/xqwx3h6jz1m6f31was9183phirl7fdpl-libtpms-0.10.2-unstable-2026-05-06' from 'https://cache.nixos.org'...
copying path '/nix/store/2nkqidqzfz9zwsmwcl5s9amd5j9szwjx-libxcvt-0.1.3' from 'https://cache.nixos.org'...
copying path '/nix/store/3h6nnk7d87w9j1w3n7dgdfp1cbpb9jb9-libtirpc-1.3.7' from 'https://cache.nixos.org'...
copying path '/nix/store/b580hjmcc0m0w4ynn9bpf2ryf2p97sva-libei-1.6.0' from 'https://cache.nixos.org'...
copying path '/nix/store/vv038kwd5p5mlqd5ycbnvr1zmvmvkic4-libxshmfence-1.3.3' from 'https://cache.nixos.org'...
copying path '/nix/store/zv2hjk6rcc1i6vi73di03nsk5z1vcwwc-font-util-1.4.2' from 'https://cache.nixos.org'...
copying path '/nix/store/dnd5b62fx0yh75ljgyll6lbxbpp3k2qh-libheif-1.23.5' from 'https://cache.nixos.org'...
copying path '/nix/store/q9v6d7kfqx3ws3ssraly4c3rzl2g4iij-mpg123-1.33.7' from 'https://cache.nixos.org'...
copying path '/nix/store/xr9gzga21mxizd48fzir83dra7aah2cz-libao-1.2.2' from 'https://cache.nixos.org'...
copying path '/nix/store/dlqv8810489a9fikzm21h34s4b0kkb3b-libinput-1.31.3' from 'https://cache.nixos.org'...
copying path '/nix/store/17nfr13w1x0p1k0cyn4gzci3wkqm3l2s-libfontenc-1.1.9' from 'https://cache.nixos.org'...
copying path '/nix/store/krm9vmc3dz68gig0hpbrqbgfzjd74r2h-tpm2-tss-4.2.0' from 'https://cache.nixos.org'...
copying path '/nix/store/pg0i82rw3nwbjl8zsliiknbqdyhv4vk3-libxkbfile-1.2.0' from 'https://cache.nixos.org'...
copying path '/nix/store/78gqdyl614qmsjmmjqq35pnapf68n521-tinysparql-3.11.1' from 'https://cache.nixos.org'...
copying path '/nix/store/m9s4p303pq156amzx4cslcy5aa84kcmg-libheif-1.23.5-dev' from 'https://cache.nixos.org'...
copying path '/nix/store/jipb8y1xzhxjga5iccw8jmas0bc0px47-glib-2.88.3-dev' from 'https://cache.nixos.org'...
copying path '/nix/store/ijmh255rwz2ir2v05l0s24h3n841kdgc-gstreamer-1.28.7' from 'https://cache.nixos.org'...
copying path '/nix/store/9xsw0fvyg3wg5bw6x445ixq8hclkjzam-python3.14-dbus-next-0.2.3' from 'https://cache.nixos.org'...
copying path '/nix/store/wyc59w2wqgs9zagr7772v213nhfp70dn-libxfont_2-2.0.9' from 'https://cache.nixos.org'...
copying path '/nix/store/847pxhdnhvrmnpcspzvwh1nppg49fk5z-sox-14.4.2-unstable-2021-05-09-lib' from 'https://cache.nixos.org'...
copying path '/nix/store/8djczh4024jgs510nc03x3ckv6dnv71p-libinput-1.31.3-dev' from 'https://cache.nixos.org'...
copying path '/nix/store/s0jybl7x6vna9kajry9n5lr7cj69jm5l-xkbcomp-1.5.0' from 'https://cache.nixos.org'...
copying path '/nix/store/lhi2553l8xiwnx3vb23hba8jkv3q8y9q-libopenmpt-0.8.9' from 'https://cache.nixos.org'...
copying path '/nix/store/l5hiab3932k2n4d6nirh09mk6xgxp61w-systemd-261.3' from 'https://cache.nixos.org'...
copying path '/nix/store/30ygq3z8cz92179rh4lkchxzk18abn7h-roc-toolkit-0.4.0' from 'https://cache.nixos.org'...
copying path '/nix/store/1fl4qsghsryd5f764m5v64vlxdz9d8qx-gtk+3-3.24.52' from 'https://cache.nixos.org'...
copying path '/nix/store/90a5m7w1mjg6sh7g82dx34dnypn1476q-gst-plugins-base-1.28.7' from 'https://cache.nixos.org'...
copying path '/nix/store/ajg5v1l5jasfq5f0gv4avszpb4z0kyb1-libcanberra-0.30' from 'https://cache.nixos.org'...
copying path '/nix/store/fjzbyh9a9mn0w9yj8cj9fg3hghwdzpdj-ffmpeg-headless-9.0.1-lib' from 'https://cache.nixos.org'...
copying path '/nix/store/3768qszhlspwxjfzqazpd1qa2hdvd35i-cairo-1.18.4-dev' from 'https://cache.nixos.org'...
copying path '/nix/store/q9jbmybpirc9abqcqj4xmxbbbbvbjj48-gdk-pixbuf-2.44.8-dev' from 'https://cache.nixos.org'...
copying path '/nix/store/a219l81spmzda4zd2zyhhjnc1r8dcrk8-liblqr-1-0.4.3-dev' from 'https://cache.nixos.org'...
copying path '/nix/store/48m7kz9i7dhc0c145a8r4aixcmq7a7k4-pango-1.57.1-dev' from 'https://cache.nixos.org'...
copying path '/nix/store/ihbvcq8mr5837dbflhgrzdm8q2s8wrs0-librsvg-2.62.3-dev' from 'https://cache.nixos.org'...
copying path '/nix/store/0jvvmca2ymbgjxn2jgigk01z49h1fq8n-libnotify-0.8.8-dev' from 'https://cache.nixos.org'...
copying path '/nix/store/rvqc6c5azs5wlbkbay100d6d1ljk9c2x-libcamera-0.7.2' from 'https://cache.nixos.org'...
copying path '/nix/store/6b18lsv6dy2vss0adl6n9zrjgx1r3ixg-imagemagick-7.1.2-31-dev' from 'https://cache.nixos.org'...
copying path '/nix/store/dsa4ky2h1m6khl1hf0g1vvl4bvx4hxg8-pipewire-1.6.9' from 'https://cache.nixos.org'...
copying path '/nix/store/vfrdfcv985p4j4c88lmwiwkg5k1jiwmd-libdecor-0.2.5' from 'https://cache.nixos.org'...
copying path '/nix/store/y5c3b9j894w7axsiaxxciywcw2lsldri-xwayland-24.1.14' from 'https://cache.nixos.org'...
copying path '/nix/store/6qkfgq14vwp19v69ciwdrac5yjcrj5qn-qtbase-6.11.2' from 'https://cache.nixos.org'...
copying path '/nix/store/ngxif1dllrcg7jz2fqng5c99v7hxsrzn-wlroots-0.20.2' from 'https://cache.nixos.org'...
copying path '/nix/store/cx9mnp0dwj7hy5gmk5ajm5mfzjy5gqhi-sway-unwrapped-1.12' from 'https://cache.nixos.org'...
copying path '/nix/store/a8mx5lk1i8kpbwmqs3raq3nln24jcha6-sway' from 'https://cache.nixos.org'...
copying path '/nix/store/kqn40rn1i5z5bswrbmdqsy9jihxbjw19-sway-1.12' from 'https://cache.nixos.org'...
copying path '/nix/store/j1938gsbvbhkyz4kbmvjk56r479mkw3s-gcc-wrapper-16.2.0' from 'https://cache.nixos.org'...
copying path '/nix/store/aajj151ynws8hj2ajkvhv38b2c8sjyw5-make-binary-wrapper-hook' from 'https://cache.nixos.org'...
copying path '/nix/store/rplwbx3hgs4wzc9hcs6r3cgp9r048fgl-stdenv-linux' from 'https://cache.nixos.org'...
copying path '/nix/store/mbik0b6byxzy3f108d9294xms0w9jyc3-qtbase-6.11.2-only-plugins-qml' from 'https://cache.nixos.org'...
copying path '/nix/store/lbqvlnbpl4vrs5ka5mryvv3c0ksfgi0b-qtsvg-6.11.2' from 'https://cache.nixos.org'...
building '/nix/store/icz5c40wdi7cl9xljcc5gs8dn9rqsrvm-python3-3.14.7-env.drv'...
copying path '/nix/store/4mi5rvszxy1xhy73gq1hm8y2fh7j6vam-qtdeclarative-6.11.2' from 'https://cache.nixos.org'...
structuredAttrs is enabled
created 223 symlinks in user environment
copying path '/nix/store/hkzc8whyfmh0idm7dskaw1g0x7h99y9f-qtwayland-6.11.2' from 'https://cache.nixos.org'...
copying path '/nix/store/6q6kk7wr9k00c3dhgi9in4wlp0qw63gc-quickshell-0.3.1' from 'https://cache.nixos.org'...
[ci 00:24:32] font packages: 4
[ci 00:24:35] mesa egl vendor: /nix/store/z5wmfi7agarwjlqb456f2z2r4vsmjad4-mesa-26.2.4/share/glvnd/egl_vendor.d/50_mesa.json  dri: /nix/store/z5wmfi7agarwjlqb456f2z2r4vsmjad4-mesa-26.2.4/lib/dri
[ci 00:24:36] wallpaper: wallhaven 0p8q6j
[ci 00:24:37] wayland display: wayland-1  swaysock: /home/runner/work/_temp/nix-shell-2709-4243666115/tmp.e8EEg3sbME/run/sway-ipc.1001.3814.sock
[ci 00:24:37] starting quickshell, render mode: gl
[ci 00:24:38] shell visible after 1s (gl)
[ci 00:24:45] captured 01-bar
[ci 00:24:48] captured 02-notification-popups
[ci 00:25:15] captured 03-controlcenter
[ci 00:25:20] captured 03-launcher
[ci 00:25:25] captured 03-sidebar
[ci 00:25:29] captured 03-dashboard
[ci 00:25:34] captured 03-systools
[ci 00:25:39] captured 03-powermenu
[ci 00:25:41] done: 8 screenshot(s)
