unpacking 'https://channels.nixos.org/nixos-unstable/nixexprs.tar.xz' into the Git cache...
this path will be fetched (5.1 MiB download, 14.3 MiB unpacked):
  /nix/store/92yfgbmc9q083waxxg1nq5dncmjfpwfk-inter-4.1
copying path '/nix/store/92yfgbmc9q083waxxg1nq5dncmjfpwfk-inter-4.1' from 'https://cache.nixos.org'...
this path will be fetched (3.4 MiB download, 9.0 MiB unpacked):
  /nix/store/xadrivsjgk1bslbd64hq9zakin7vp6nr-dejavu-fonts-2.37
copying path '/nix/store/xadrivsjgk1bslbd64hq9zakin7vp6nr-dejavu-fonts-2.37' from 'https://cache.nixos.org'...
this path will be fetched (564.6 KiB download, 1.2 MiB unpacked):
  /nix/store/8jrrcbyyq3m5nfplh00cm3b4ddlbg38h-material-design-icons-7.4.47
copying path '/nix/store/8jrrcbyyq3m5nfplh00cm3b4ddlbg38h-material-design-icons-7.4.47' from 'https://cache.nixos.org'...
this path will be fetched (2.8 MiB download, 4.8 MiB unpacked):
  /nix/store/c2hqbdx81zan230kngf2c9fsmp378jpl-nerd-fonts-symbols-only-3.5.0
copying path '/nix/store/c2hqbdx81zan230kngf2c9fsmp378jpl-nerd-fonts-symbols-only-3.5.0' from 'https://cache.nixos.org'...
these 4 paths will be fetched (200.6 MiB download, 824.9 MiB unpacked):
  /nix/store/qhd6bxgkbfmzn0f6lw20grfafhgqf8rf-libxxf86vm-1.1.7
  /nix/store/kwbs82a1v1hy20plq2pjchaa0z85zy8w-llvm-21.1.8-lib
  /nix/store/lc002ybx5r977pwasq7hqg8fr6jrljxs-lm-sensors-3.6.2
  /nix/store/z5wmfi7agarwjlqb456f2z2r4vsmjad4-mesa-26.2.4
copying path '/nix/store/qhd6bxgkbfmzn0f6lw20grfafhgqf8rf-libxxf86vm-1.1.7' from 'https://cache.nixos.org'...
copying path '/nix/store/kwbs82a1v1hy20plq2pjchaa0z85zy8w-llvm-21.1.8-lib' from 'https://cache.nixos.org'...
copying path '/nix/store/lc002ybx5r977pwasq7hqg8fr6jrljxs-lm-sensors-3.6.2' from 'https://cache.nixos.org'...
copying path '/nix/store/z5wmfi7agarwjlqb456f2z2r4vsmjad4-mesa-26.2.4' from 'https://cache.nixos.org'...
